--- EXCEL RAW ROWS (first 20) ---
Row 0: ['', '', '', '', '', '', '', '', '', '', '', '', '', '', '', '']
Row 1: ['نام سپرده', ' سپرده قرض الحسنه جاري- آقاي  محمدعلي دهقان منشادي', '', 'شماره سپرده:', ' 2719-12-2327576-1', '', 'موجودی کل:', '348735690565', '', '', '', 'نزولی', '', 'همه', '', '']
Row 2: ['نوع ارز: ريال ايران', '', '', 'شماره شبا:', ' IR370690271901202327576001', '', 'موجودی قابل برداشت:', '348735590565', '', '', '', 'ASC', 'صعودی', '-1', 'برداشت', '']
Row 3: ['گزارش صورتحساب از تاریخ 1404/12/01 تا تاریخ 1404/12/06 ', '', '', 'شعبه تهیه گزارش: اینترنت بانک', '', '', 'موجودی مسدود:', '0', '', 'تاریخ گزارش: 1404/12/06  -  11:14', '', 'DESC', 'نزولی', '0', 'همه', '']
Row 4: ['', 'جستجو بر اساس', 'شرح:', '', 'نوع تراکنش:', 'همه', 'ترتیب:', 'نزولی', '', '', '', '', '', '1', 'واریز', '']
Row 5: ['', '', ' از مبلغ:', '', 'تا مبلغ:', '', '', '', '', '', '', '', '', '', '', '']
Row 6: ['ردیف', 'شرح', 'تاریخ', 'زمان', 'واریز', 'برداشت', 'موجودی', 'شعبه عامل', 'شماره سند', 'شماره برگه/شماره چک', 'شناسه واریز', '', '', '', '', 'یادداشت']
Row 7: ['1', '-0412060171037205-ملي-حسن-زارع  نريماني', '1404/12/06', '11:00:29', '100000000000', '0', '348735690565', 'حسابداري کل(198)', '20716582', '-', '', '', '', '', '', '']
Row 8: ['2', '-0412060171037448-ملي-حسن-زارع  نريماني', '1404/12/06', '11:00:29', '50000000000', '0', '248735690565', 'حسابداري کل(198)', '20716581', '-', '', '', '', '', '', '']
Row 9: ['3', '-0412060171039359-ملي-سيده  محدثه-بحرالعلوم', '1404/12/06', '11:00:28', '21000000000', '0', '198735690565', 'حسابداري کل(198)', '20716580', '-', '', '', '', '', '', '']
Row 10: ['4', '-0412060171036517-ملي-حسن-زارع  نريماني', '1404/12/06', '10:48:57', '100000000000', '0', '177735690565', 'حسابداري کل(198)', '20716571', '-', '', '', '', '', '', '']
Row 11: ['5', '-0412060161009246-کشاورزي-فرنازالسادات-اصفا', '1404/12/06', '10:43:16', '36000000000', '0', '77735690565', 'حسابداري کل(198)', '20716563', '-', '', '', '', '', '', '']
Row 12: ['6', '-0412060691001158-ايران زمينصادراتمحمدعليدهقان منشادي-IR370690271901202327576001-1,مريم\u200c,شرج\u200c کلاري\u200c', '1404/12/06', '10:39:40', '0', '24000000000', '41735690565', 'بازار(2719)', '20716553', '545454', '', '', '', '', '', '']
Row 13: ['7', 'دريافت کارمزد بابت ثبت دستور پرداخت ساتنا  از سپرده 2719.12.2327576.1-کارمزد ساتنا', '1404/12/06', '10:39:40', '0', '350000', '65735690565', 'بازار(2719)', '10717298', '-', '', '', '', '', '', '']
Row 14: ['8', '-0412060691001148-ايران زمينرفاه کارگرانمحمدعليدهقان منشادي-IR370690271901202327576001-1,رضا,شاكري ك', '1404/12/06', '10:38:33', '0', '19750000000', '65736040565', 'بازار(2719)', '20716552', '54655454', '', '', '', '', '', '']
Row 15: ['9', 'دريافت کارمزد بابت ثبت دستور پرداخت ساتنا  از سپرده 2719.12.2327576.1-کارمزد ساتنا', '1404/12/06', '10:38:33', '0', '350000', '85486040565', 'بازار(2719)', '10717292', '-', '', '', '', '', '', '']
Row 16: ['10', '-0412060691001122-ايران زمينمليمحمدعليدهقان منشادي-IR370690271901202327576001-حسين-جعفري-کاربر شعبه-', '1404/12/06', '10:35:30', '0', '5500000000', '85486390565', 'بازار(2719)', '20716549', '247794', '', '', '', '', '', '']
Row 17: ['11', 'دريافت کارمزد بابت ثبت دستور پرداخت ساتنا  از سپرده 2719.12.2327576.1-کارمزد ساتنا', '1404/12/06', '10:35:29', '0', '350000', '90986390565', 'بازار(2719)', '10717279', '-', '', '', '', '', '', '']
Row 18: ['12', '-0412060691001121-ايران زمينمليمحمدعليدهقان منشادي-IR370690271901202327576001-سعيد-خاقاني-کاربر شعبه', '1404/12/06', '10:35:27', '0', '27000000000', '90986740565', 'بازار(2719)', '20716548', '247794', '', '', '', '', '', '']
Row 19: ['13', 'دريافت کارمزد بابت ثبت دستور پرداخت ساتنا  از سپرده 2719.12.2327576.1-کارمزد ساتنا', '1404/12/06', '10:35:26', '0', '350000', '117986740565', 'بازار(2719)', '10717278', '-', '', '', '', '', '', '']

--- PDF RAW TEXT (first page) ---
باسح هت )دانسا همه شيامن( 41864402180 )8181(هداز نسح رايناز باسح شرازگ
:خيرات ات :خيرات زا
دنس نيرخآ 1/1//11/1
يلا ر نام يلام راکناتسب يلام را د ي نام راکناتسب را د حرش دنس هرامش خيرات باسح
089,,8,,,8,,,8,,, دب 022,222,222,222789/677,/ س59ب051900 00,0055055*005*,41,3410( 069,172 9020199129 چ رايناز 9196
يدقن )5 هداز نسح
هتشونتسد3ناقهد يهدب رايناز 9196
080,,8,,,8,,,8,,, دب 022,222,222,222 789/677,/ سب )داژن ي ها 0 :هب هلاوح( 060,512 9020199129 چ
هداز نسح
)ي تشم زا( کناب هب دقن زيرا
08,7,87,68,,,8,,, دب9,200,222,222 789/677,/ سب ]11101،يداشنم تارداص[ 060,001 9020199129 چ رايناز 9196
11013يتمدخ هداز نسح
)ي تشم زا( کناب هب دقن زيرا
08,7080008,,,8,,, دب0,795,222,222 789/677,/ سب ]11004،يداشنم تارداص[ 060,001 9020199129 چ رايناز 9196
10043يتمدخ هداز نسح
)ي تشم زا( کناب هب دقن زيرا
08,708,,08,,,8,,, دب002,222,222 789/677,/ سب ]41004،يداشنم تارداص[ 060,001 9020199129 چ رايناز 9196
10043ر داد هداز نسح
)ي تشم زا( کناب هب دقن زيرا
08,708,,08,,,8,,, دب 9,102,222,222 789/677,/ سب ]003,,5،يداشنم تارداص[ 060,001 9020199129 چ رايناز 9196
3,,53,33, هداز نسح
)ي تشم زا( کناب هب دقن زيرا
08,,78,,08,,,8,,, دب0,222,222,222 789/677,/ سب ]55040،يداشنم تارداص[ 060,001 9020199129 چ رايناز 9196
504034550 هداز نسح
)ي تشم زا( کناب هب دقن زيرا
08,,087,08,,,8,,, دب6,922,222,222 789/677,/ سب ]34,01،يداشنم تارداص[ 060,001 9020199129 چ رايناز 9196
4,013هشدحا هداز نسح
)ي تشم زا( کناب هب دقن زيرا
08,/089,,89,,8,,, د1ب,501,022,222 789/677,/ سب ]100,0،يداشنم تارداص[ 060,001 9020199129 چ رايناز 9196
00,03هش دحا هداز نسح
)ي تشم زا( کناب هب دقن زيرا
08,/,8/,,89,,8,,, دب0,122,222,222 789/677,/ سب ]14451،يداشنم تارداص[ 060,001 9020199129 چ رايناز 9196
44513ماه پ هداز نسح
)ي تشم زا( کناب هب دقن زيرا
08,668/,,89,,8,,, د0ب,222,222,222 789/677,/ سب ]05530،يداشنم تارداص[ 060,001 9020199129 چ رايناز 9196
55303ر داد هداز نسح
)ي تشم زا( کناب هب دقن زيرا
08,608/,,89,,8,,, د0ب,222,222,222 789/677,/ سب ]30013،يداشنم تارداص[ 060,001 9020199129 چ رايناز 9196
00133ر داد هداز نسح
)ي تشم زا( کناب هب دقن زيرا
08,9,8/,,89,,8,,, د0ب,222,222,222 789/677,/ سب ]3030,،يداشنم تارداص[ 060,001 9020199129 چ رايناز 9196
030,3ر داد هداز نسح
)ي تشم زا( کناب هب دقن زيرا
08,9,8/,,89,,8,,, د0ب,222,222,222 789/677,/ سب ]05410،يداشنم تارداص[ 060,001 9020199129 چ رايناز 9196
54103ر داد هداز نسح
)ي تشم زا( کناب هب دقن زيرا
08,9,8/,,89,,8,,, دب0,222,222,222 789/677,/ سب ]30000،يداشنم تارداص[ 060,001 9020199129 چ رايناز 9196
00003ر داد هداز نسح
)ي تشم زا( کناب هب دقن زيرا
08,,68/,,89,,8,,, د0ب,222,222,222 789/677,/ سب ]05501،يداشنم تارداص[ 060,001 9020199129 چ رايناز 9196
55013ر داد هداز نسح
)ي تشم زا( کناب هب دقن زيرا
08,,680,,89,,8,,, دب067,222,222 789/677,/ سب ]0,0,5،يداشنم تارداص[ 060,001 9020199129 چ رايناز 9196
,0,53,550 هداز نسح
)ي تشم زا( کناب هب دقن زيرا
08,,080,,89,,8,,, دب0,222,222,222 789/677,/ سب ]00100،يداشنم تارداص[ 060,001 9020199129 چ رايناز 9196
01003يتشد هداز نسح
)ي تشم زا( کناب هب دقن زيرا
08,,,80,,89,,8,,, دب0,222,222,222 789/677,/ سب ]04513،يداشنم تارداص[ 060,001 9020199129 چ رايناز 9196
45133055, هداز نسح
)ي تشم زا( کناب هب دقن زيرا
08,0680,,89,,8,,, دب0,222,222,222 789/677,/ سب ]04,10،يداشنم تارداص[ 060,001 9020199129 چ رايناز 9196
4,103يتشد هداز نسح
)ي تشم زا( کناب هب دقن زيرا
08,,680,,89,,8,,, دب52,222,222,222 789/677,/ سب ],01100،يداشنم تارداص[ 060,001 9020199129 چ رايناز 9196
1100 هداز نسح
)ي تشم زا( کناب هب دقن زيرا
7/680,,89,,8,,, دب52,222,222,222 789/677,/ سب ],01103،يداشنم تارداص[ 060,001 9020199129 چ رايناز 9196
1103 هداز نسح
)ي تشم زا( کناب هب دقن زيرا
7908,,,89,,8,,, دب 00,022,222,222 789/677,/ سب ],0030،يداشنم تارداص[ 060,190 9020199129 چ رايناز 9196
00303دنمزار هداز نسح
)ي تشم زا( کناب هب دقن زيرا
7,786,,89,,8,,, دب9,022,222,222 2 789/677,/ سب ]5503003،يداشنم تارداص[ 060,190 9020199129 چ رايناز 9196
3003 هداز نسح
)ي تشم زا( کناب هب دقن زيرا
7,,8,,,89,,8,,, دب 9,722,222,222 2 789/677,/ سب ]03000،يداشنم تارداص[ 060,190 9020199129 چ رايناز 9196
3000 هداز نسح
)ي تشم زا( کناب هب دقن زيرا
7,,8,,,89,,8,,, دب 0,222,222,222 789/677,/ سب ]35405،يداشنم تارداص[ 060,190 9020199129 چ رايناز 9196
5405 هداز نسح
000,119,022,222 0ج22,222,222,222 ج 5,9051900 ج 21222 ج 07 ت :هحفص عمج
82 زا 1 هحفص
1 1 1 1 1 ر د ر
